// Jest Snapshot v1, https://goo.gl/fbAQLP

exports[`SourcesToolbar should have specific properties: SourcesToolbar 1`] = `
{
  "filterFields": [
    {
      "component": [Function],
      "selected": true,
      "title": [Function],
      "value": "search_by_name",
    },
    {
      "component": [Function],
      "title": [Function],
      "value": "search_credentials_by_name",
    },
    {
      "component": [Function],
      "title": [Function],
      "value": "source_type",
    },
  ],
  "sortFields": [
    {
      "selected": true,
      "title": [Function],
      "value": "name",
    },
    {
      "title": [Function],
      "value": "source_type",
    },
    {
      "isDefaultDescending": true,
      "title": [Function],
      "value": "most_recent_connect_scan__start_time",
    },
  ],
}
`;
