// Jest Snapshot v1, https://goo.gl/fbAQLP

exports[`SourceCredentialsList Component should render a sorted list 1`] = `
<ul
  class="pf-c-list pf-m-plain"
>
  <li
    class="pf-c-list__item"
  >
    <span
      class="pf-c-list__item-icon"
    >
      <span
        aria-hidden="true"
        class="fa fa-id-card"
      />
    </span>
    a test
  </li>
  <li
    class="pf-c-list__item"
  >
    <span
      class="pf-c-list__item-icon"
    >
      <span
        aria-hidden="true"
        class="fa fa-id-card"
      />
    </span>
    b test
  </li>
</ul>
`;
