// Jest Snapshot v1, https://goo.gl/fbAQLP

exports[`ToolbarFieldGranularity Component should export select options: fieldOptions 1`] = `
[
  {
    "title": [Function],
    "value": "network",
  },
  {
    "title": [Function],
    "value": "openshift",
  },
  {
    "title": [Function],
    "value": "satellite",
  },
  {
    "title": [Function],
    "value": "vcenter",
  },
  {
    "title": [Function],
    "value": "ansible",
  },
]
`;

exports[`ToolbarFieldGranularity Component should handle opening the credential dialog through redux state with hook: dispatch, hook 1`] = `
[
  [
    [
      {
        "credentialType": "dolor sit",
        "type": "CREATE_CREDENTIAL_SHOW",
      },
    ],
  ],
]
`;

exports[`ToolbarFieldGranularity Component should render a basic component: basic 1`] = `
<DropdownSelect
  ariaLabel="Select option"
  className=""
  direction="down"
  id="generatedid-"
  isDisabled={false}
  isDropdownButton={true}
  isFlipEnabled={false}
  isInline={true}
  isToggleText={true}
  maxHeight={null}
  name={null}
  onSelect={[Function]}
  onSplitButton={[Function]}
  options={
    [
      {
        "title": [Function],
        "value": "network",
      },
      {
        "title": [Function],
        "value": "openshift",
      },
      {
        "title": [Function],
        "value": "satellite",
      },
      {
        "title": [Function],
        "value": "vcenter",
      },
      {
        "title": [Function],
        "value": "ansible",
      },
    ]
  }
  placeholder="t(form-dialog.label_placeholder, {"context":"add-credential"})"
  position="left"
  selectedOptions={null}
  splitButtonVariant={null}
  toggleIcon={null}
  variant="single"
/>
`;
