// Jest Snapshot v1, https://goo.gl/fbAQLP

exports[`TypeaheadCheckboxes should render a basic component: basic 1`] = `
<Select
  id="multi-typeahead-checkbox-select-with-search"
  isOpen={false}
  onOpenChange={[Function]}
  onSelect={[Function]}
  role="menu"
  selected={[]}
  toggle={[Function]}
>
  <SelectList
    id="select-multi-typeahead-checkbox-listbox-with-search"
  />
</Select>
`;
