// Jest Snapshot v1, https://goo.gl/fbAQLP

exports[`TouchSpin Component should render a basic component: basic render 1`] = `
<div
  class="pf-c-number-input "
>
  <div
    class="pf-c-input-group"
  >
    <button
      aria-disabled="false"
      aria-label="Decrease number button"
      class="pf-c-button pf-m-control"
      data-ouia-component-id="OUIA-Generated-Button-control-1"
      data-ouia-component-type="PF4/Button"
      data-ouia-safe="true"
      type="button"
    >
      <svg
        aria-hidden="true"
        fill="currentColor"
        height="1em"
        role="img"
        style="vertical-align: -0.125em;"
        viewBox="0 0 448 512"
        width="1em"
      >
        <path
          d="M416 208H32c-17.67 0-32 14.33-32 32v32c0 17.67 14.33 32 32 32h384c17.67 0 32-14.33 32-32v-32c0-17.67-14.33-32-32-32z"
        />
      </svg>
    </button>
    <input
      aria-invalid="false"
      aria-label="Number Input"
      class="pf-c-form-control"
      data-ouia-component-id="OUIA-Generated-TextInputBase-1"
      data-ouia-component-type="PF4/TextInput"
      data-ouia-safe="true"
      name="lorem"
      type="number"
      value="50"
    />
    <button
      aria-disabled="false"
      aria-label="Increase number button"
      class="pf-c-button pf-m-control"
      data-ouia-component-id="OUIA-Generated-Button-control-2"
      data-ouia-component-type="PF4/Button"
      data-ouia-safe="true"
      type="button"
    >
      <svg
        aria-hidden="true"
        fill="currentColor"
        height="1em"
        role="img"
        style="vertical-align: -0.125em;"
        viewBox="0 0 448 512"
        width="1em"
      >
        <path
          d="M416 208H272V64c0-17.67-14.33-32-32-32h-32c-17.67 0-32 14.33-32 32v144H32c-17.67 0-32 14.33-32 32v32c0 17.67 14.33 32 32 32h144v144c0 17.67 14.33 32 32 32h32c17.67 0 32-14.33 32-32V304h144c17.67 0 32-14.33 32-32v-32c0-17.67-14.33-32-32-32z"
        />
      </svg>
    </button>
  </div>
</div>
`;

exports[`TouchSpin Component should render a basic component: initial props 1`] = `
Object {
  "className": "",
  "labelMax": <PlusIcon
    color="currentColor"
    noVerticalAlign={false}
    size="sm"
  />,
  "labelMaxDescription": "Increase number button",
  "labelMin": <MinusIcon
    color="currentColor"
    noVerticalAlign={false}
    size="sm"
  />,
  "labelMinDescription": "Decrease number button",
  "maxValue": 100,
  "minValue": 0,
  "name": "lorem",
  "onChange": [Function],
  "value": 50,
}
`;

exports[`TouchSpin Component should render a basic component: initial state 1`] = `
Object {
  "displayValue": 50,
  "maxValue": 100,
  "minValue": 0,
}
`;
