// Jest Snapshot v1, https://goo.gl/fbAQLP

exports[`General code checks should only have specific console.[warn|log|info|error] methods: console methods 1`] = `
[
  "components/aboutModal/aboutModal.tsx:45:        error => console.error(\`About status error: \${error} \`)",
  "components/viewLayout/viewLayoutToolbar.tsx:69:    console.log('selected', value);",
  "components/viewLayout/viewLayoutToolbar.tsx:77:    console.log('selected', value);",
  "helpers/queryHelpers.ts:75:        console.log(\`Query: \`, query);",
  "helpers/queryHelpers.ts:80:        console.error('Error during data fetching:', error);",
  "hooks/useCredentialApi.ts:81:          console.log(missingCredsMsg);",
  "hooks/useCredentialApi.ts:99:          console.log(missingCredsMsg);",
  "hooks/useCredentialApi.ts:145:          console.error(error);",
  "hooks/useCredentialApi.ts:209:          console.error(error);",
  "hooks/useCredentialApi.ts:273:          console.error(error);",
  "hooks/useCredentialApi.ts:312:          console.error(error);",
  "hooks/useLoginApi.ts:58:          console.error(error);",
  "hooks/useLoginApi.ts:99:        console.error(error);",
  "hooks/useLoginApi.ts:137:        console.error(error);",
  "hooks/useLoginApi.ts:166:        console.error('Invalid token, unable to parse format');",
  "hooks/useScanApi.ts:67:          console.error(error);",
  "hooks/useScanApi.ts:149:          console.error(error);",
  "hooks/useScanApi.ts:195:        console.log(missingScansMsg);",
  "hooks/useScanApi.ts:229:          console.error(error);",
  "hooks/useScanApi.ts:283:          console.error(error);",
  "hooks/useScanApi.ts:356:          console.error(error);",
  "hooks/useScanApi.ts:401:          console.error(error);",
  "hooks/useSourceApi.ts:63:          console.log(missingSourcesMsg);",
  "hooks/useSourceApi.ts:81:          console.log(missingSourcesMsg);",
  "hooks/useSourceApi.ts:127:          console.error(error);",
  "hooks/useSourceApi.ts:191:          console.error(error);",
  "hooks/useSourceApi.ts:255:          console.error(error);",
  "hooks/useStatusApi.ts:38:        console.error(error);",
  "views/credentials/viewCredentialsList.tsx:386:                console.error(err);",
  "views/credentials/viewCredentialsList.tsx:403:                console.error(err);",
  "views/sources/addSourceModal.tsx:106:          console.error(err);",
  "views/sources/viewSourcesList.tsx:319:                console.error(err);",
  "views/sources/viewSourcesList.tsx:484:                console.error(err);",
  "views/sources/viewSourcesList.tsx:501:                console.error(err);",
  "views/sources/viewSourcesList.tsx:517:                console.error(err);",
]
`;
