// Jest Snapshot v1, https://goo.gl/fbAQLP

exports[`AddSourceWizardReducer should handle specific defined types: defined type ABOUT_MODAL_HIDE 1`] = `
{
  "result": {
    "show": false,
  },
  "type": "ABOUT_MODAL_HIDE",
}
`;

exports[`AddSourceWizardReducer should handle specific defined types: defined type ABOUT_MODAL_SHOW 1`] = `
{
  "result": {
    "show": true,
  },
  "type": "ABOUT_MODAL_SHOW",
}
`;
