// Jest Snapshot v1, https://goo.gl/fbAQLP

exports[`ConfirmationModalReducer should handle specific defined types: defined type CONFIRMATION_MODAL_HIDE 1`] = `
Object {
  "result": Object {
    "body": null,
    "cancelButtonText": "Cancel",
    "confirmButtonText": "Confirm",
    "heading": null,
    "icon": null,
    "show": false,
    "title": "Confirm",
  },
  "type": "CONFIRMATION_MODAL_HIDE",
}
`;

exports[`ConfirmationModalReducer should handle specific defined types: defined type CONFIRMATION_MODAL_SHOW 1`] = `
Object {
  "result": Object {
    "body": undefined,
    "cancelButtonText": "Cancel",
    "confirmButtonText": "Confirm",
    "heading": undefined,
    "icon": undefined,
    "onCancel": undefined,
    "onConfirm": undefined,
    "show": true,
    "title": undefined,
    "variant": undefined,
  },
  "type": "CONFIRMATION_MODAL_SHOW",
}
`;
