// Jest Snapshot v1, https://goo.gl/fbAQLP

exports[`ScanHostList Component should render a connected component: connected 1`] = `
<Connect(ScanHostList)
  filter={
    Object {
      "lorem": "ipsum",
    }
  }
  id={1}
  useConnectionResults={true}
  useInspectionResults={true}
>
  <Component />
</Connect(ScanHostList)>
`;

exports[`ScanHostList Component should render a non-connected component error: error 1`] = `
<EmptyState
  className="quipucords-empty-state__alert"
>
  <Alert
    isInline={true}
    isPlain={true}
    title="t(view.error, {\\"context\\":\\"scan-hosts\\"})"
    variant="danger"
  >
    t(view.error-message, {"context":"scan-hosts","message":"Lorem Ipsum."})
  </Alert>
</EmptyState>
`;

exports[`ScanHostList Component should render a non-connected component pending: pending 1`] = `
<EmptyState
  className="quipucords-empty-state"
  variant="large"
>
  <Spinner
    isSVG={true}
    size="sm"
  />
   
  t(view.loading)
</EmptyState>
`;

exports[`ScanHostList Component should render a non-connected component: non-connected 1`] = `
<ul
  class="pf-c-list pf-m-plain quipucords-infinite-results quipucords-infinite-list"
>
  <li
    class=""
  >
    {"credentialName":"dolor","jobType":"connection","name":"lorem","sourceId":15,"sourceName":"lorem source"}
  </li>
  <li
    class=""
  >
    {"credentialName":"set","jobType":"inspection","name":"ipsum","sourceId":16,"sourceName":"ipsum source"}
  </li>
</ul>
`;
