// Jest Snapshot v1, https://goo.gl/fbAQLP

exports[`useTimeout should apply a hook for useTimeout: timeout 1`] = `
{
  "cancel": [Function],
  "update": undefined,
}
`;
